{
  "data": {
    "westSourceAll": [
      {
        "naming": "Test_Duplicate",
        "tables": [
          {
            "systemName": "Table",
            "naming": "Table"
          },
          {
            "systemName": "TableX",
            "naming": "TableX"
          }
        ]
      },
      {
        "naming": "Test",
        "tables": [
          {
            "systemName": "TableY",
            "naming": "TableY"
          },
          {
            "systemName": "Table",
            "naming": "Table"
          }
        ]
      },
      {
        "naming": "West",
        "tables": [
          {
            "systemName": "RubrumDataSources",
            "naming": "Source"
          },
          {
            "systemName": "RubrumDatabaseTables",
            "naming": "Table"
          }
        ]
      }
    ]
  }
}
