{
  "data": {
    "createDatabaseSource": {
      "databaseSource": null,
      "errors": [
        {
          "code": null,
          "details": null,
          "logLevel": "WARNING",
          "message": "Exception of type 'Rubrum.Platform.DataSourceService.Database.DatabaseTableColumnsEmptyException' was thrown.",
          "__typename": "DatabaseTableColumnsEmptyError"
        }
      ]
    }
  }
}
