{
  "data": {
    "westSourceAll": [
      {
        "naming": "Test_Duplicate",
        "tables": [
          {
            "systemName": "Table",
            "naming": "Table"
          },
          {
            "systemName": "TableX",
            "naming": "TableX"
          }
        ]
      }
    ]
  }
}
