{
  "data": {
    "westSourceAll": [
      {
        "naming": "Test_Duplicate",
        "tables": [
          {
            "systemName": "Table",
            "naming": "Table",
            "databaseSourceId": "3a1570a6-d272-35a8-4d5f-519cb35c67e2"
          },
          {
            "systemName": "TableX",
            "naming": "TableX",
            "databaseSourceId": "3a1570a6-d272-35a8-4d5f-519cb35c67e2"
          }
        ]
      }
    ]
  }
}
