{
  "errors": [
    {
      "message": "The specified input object field `version` does not exist.",
      "locations": [
        {
          "line": 5,
          "column": 7
        }
      ],
      "path": [
        "createApp"
      ],
      "extensions": {
        "field": "version",
        "specifiedBy": "https://spec.graphql.org/October2021/#sec-Input-Object-Field-Names"
      }
    }
  ]
}
